<?php

namespace App\Events;

use Bow\Event\Contracts\AppEvent;
use Bow\Event\Dispatchable;
use Bow\Queue\Traits\SerializesModels;

class FakeEvent implements AppEvent
{
	use Dispatchable, SerializesModels;

    /**
     * Create a new event instance.
     */
    public function __construct()
    {
        // Do something here
    }
}
