<?php

use Bow\Database\Migration\Migration;
use Bow\Database\Migration\SQLGenerator;

class FakeStandardTableMigration extends Migration
{
    /**
     * Up Migration
     */
    public function up(): void
    {
        $this->create("fakers", function (SQLGenerator $table) {
            //
        });
    }

    /**
     * Rollback migration
     */
    public function rollback(): void
    {
        $this->dropIfExists("fakers");
    }
}
