<?php

namespace App\Producers;

use Bow\Queue\ProducerService;

class FakeProducer extends ProducerService
{
    /**
     * FakeProducer constructor
     * 
     * @return void
     */
    public function __construct()
    {
        //
    }

	/**
	 * Handle producer
	 * 
	 * @return void
	 */
    public function process(): void
    {
	    // Do Something
    }
}
