<?php

namespace App\Controllers;

use App\\Controller;
use Bow\Http\Request;

class ExampleController extends Controller
{
    //
}
