<?php

namespace App\Services;

class FakeService
{
    // Do Something
}
