<?php

namespace App\Exceptions;

use Exception;

class FakeException extends Exception
{
    // do something here
}
