<?php

namespace App\Models;

use Bow\Database\Barry\Model;

class Example extends Model
{
    //
}
