<?php

namespace App\Listeners;

use Bow\Event\Contracts\EventListener;

class FakeListener implements EventListener
{
	/**
	 * Process the event
	 * 
	 * @param array $payload
	 * @return mixed
	 */
	public function process(array $payload = []): void
	{
        // do something here
	}
}
