<?php

namespace App\Commands;

use Bow\Console\Command\AbstractCommand as ConsoleCommand;

class FakeCommand extends ConsoleCommand
{
    /**
     * Handle console action
     * 
     * @return void
     */
    public function process()
    {
        //
    }
}
