<?php

use Bow\Database\Migration\Migration;
use Bow\Database\Migration\SQLGenerator;

class FakeTableMigration extends Migration
{
    /**
     * Up Migration
     */
    public function up(): void
    {
        $this->alter("fakers", function (SQLGenerator $table) {
            //
        });
    }

    /**
     * Rollback migration
     */
    public function rollback(): void
    {
        $this->alter("fakers", function (SQLGenerator $table) {
            //
        });
    }
}
